Lab - Working With Files
==========
Follow the instructions line-by-line.  

* Type in the commands as is, but ignore the beginning prompt.  
* Enter, tab, up and down are represented by <ENTER><TAB>,<UP> and <DOWN>.  
* "No output" or "nothing happens" are valid answers to any of the questions.
==========

==========
1. Open a new terminal window.
[NO OUTPUT]
----------
==========
2. Find out if mtec1002-lab-02 already exists (from the previous lab).  If it doesn't, go back to the previous lab and find the steps regarding downloading the lab materials.

(See steps 1-8 in http://foureyes.github.io/mtec1002-spring2014/labs/03/lab-03-part-02-working-with-files.txt)
[NO OUTPUT]
----------
==========
3. Change your directory mtec1002-lab-03
[NO OUTPUT]
----------
==========
4. Create a directory called my_files
[NO OUTPUT]
----------
==========
5. Change the directory to my_files
[NO OUTPUT]
----------
==========
6. Create a new file using touch.

$ touch foo.txt
$ ls
Copy and paste the output below.
----------
root@LAPTOP-IT39SQSI:/mnt/c/users/chris/mtec1002-lab-03/my_files# touch foo.txt
root@LAPTOP-IT39SQSI:/mnt/c/users/chris/mtec1002-lab-03/my_files# ls
foo.txt


==========
7. Create another new file using touch.

$ touch bar.txt
----------
root@LAPTOP-IT39SQSI:/mnt/c/users/chris/mtec1002-lab-03/my_files# touch bar.txt


==========
8. List the files in this directory using the flag that gives the most details.

Copy and paste the output below.
----------
root@LAPTOP-IT39SQSI:/mnt/c/users/chris/mtec1002-lab-03/my_files# ls -alt
total 0
drwxrwxrwx 1 root root 4096 Feb 17 23:37 .
-rwxrwxrwx 1 root root    0 Feb 17 23:37 bar.txt
-rwxrwxrwx 1 root root    0 Feb 17 23:35 foo.txt
drwxrwxrwx 1 root root 4096 Feb 17 23:34 ..


==========
9. Create a copy of bar.txt called baz.txt and then list the files again.

Write the command that you used to copy the file.  Additionally, copy and paste the output of your file listing below.
----------
root@LAPTOP-IT39SQSI:/mnt/c/users/chris/mtec1002-lab-03/my_files# cp bar.txt baz.txt
root@LAPTOP-IT39SQSI:/mnt/c/users/chris/mtec1002-lab-03/my_files# ls
bar.txt  baz.txt  foo.txt


==========
10. Delete the file called bar.txt and then list the files again.

Write the command that you used to remove the file.  Copy and paste the output of your file listing below.
----------
root@LAPTOP-IT39SQSI:/mnt/c/users/chris/mtec1002-lab-03/my_files# rm bar.txt
root@LAPTOP-IT39SQSI:/mnt/c/users/chris/mtec1002-lab-03/my_files# ls
baz.txt  foo.txt


==========
11. Move the file called foo.txt to qux.txt and then list the files again.


Write the command that you used to move the file.  Copy and paste the output of your file listing below.
----------
root@LAPTOP-IT39SQSI:/mnt/c/users/chris/mtec1002-lab-03/my_files# rm foo.txt
root@LAPTOP-IT39SQSI:/mnt/c/users/chris/mtec1002-lab-03/my_files# ls
baz.txt


==========
12. Go up one directory so that you're in ~/mtec1002-lab-03.
[NO OUTPUT]
----------



==========
13. Try removing the directory called my_files using rmdir.

Write out the command that you used and what happened.
----------
root@LAPTOP-IT39SQSI:/mnt/c/users/chris/mtec1002-lab-03# rmdir my_files
rmdir: failed to remove 'my_files': Directory not empty


==========
14. Try removing the directory called my_files using rm.

Write out the command that you used and what happened.
----------
root@LAPTOP-IT39SQSI:/mnt/c/users/chris/mtec1002-lab-03# rm my_files
rm: cannot remove 'my_files': Is a directory


==========
15. MAKE SURE YOU'RE IN THE mtec1002-lab-03 directory!  

Force the removal of the directory and files using the -rf flag

$ rm -rf my_files
----------
root@LAPTOP-IT39SQSI:/mnt/c/users/chris/mtec1002-lab-03# rm -rf my_files
root@LAPTOP-IT39SQSI:/mnt/c/users/chris/mtec1002-lab-03# ls
books  logs  web


==========
16. There's a txt file version of a book located in the mtec1002-lab-03 folder.  It is in the following directory if you're in the lab folder:

books/other/pg1232.txt

Use the command called cat on the file to show its contents. 

Describe what happened below.
----------
opened text file very quickly. Screen scrolled down rapidly revealing text


==========
17. That was a lot of text.  Let's find ways to limit it.  Using the same file...

books/other/pg1232.txt

Use the command, head, on the file to show the contents of the beginning of the file.  

Write the command that you used below.  Write the last line of the output below (it should be the title).
----------
root@LAPTOP-IT39SQSI:/mnt/c/users/chris/mtec1002-lab-03/books/other# head pg1232.txt

Title: The Prince


==========
18. Using the same file again!

books/other/pg1232.txt

Use tail on the file to show the contents of the end of the file.  

Write the command that you used below.  Write the last line of the output below (it should be the title).
----------
tail pg1232.txt

subscribe to our email newsletter to hear about new eBooks.


==========
19. Using the same file...

books/other/pg1232.txt

Use less and more on the file to show the contents of the file.  Try pressing spacebar and/or q afterwards.

Write the command that you used below.  Describe what spacebar and q does after using either less or more.
----------
less pg1232.txt

spacebar scrolls page down
q quits



==========
20. Describe what situations you would use the following commands for viewing files: less, more, cat, tail, head

(Some characteristics that may help your description might be the length of the file, whether or not you'd like to read the whole thing... or just the beginning or end, etc.)
----------
less/more shows pagination and makes it easier to scroll through pages with spacebar
cat loads whole document at once
tail is used to see end of text
head is used to see beginning of text


==========
21.  How many words are in pg1232.txt?  What command did you use to determine the word count?
----------
root@LAPTOP-IT39SQSI:/mnt/c/users/chris/mtec1002-lab-03/books/other# wc pg1232.txt
  5063  52639 305864 pg1232.txt
  
  52639 words


==========
22.  How many lines are in pg1232.txt?  What command did you use to determine the line count?
----------
root@LAPTOP-IT39SQSI:/mnt/c/users/chris/mtec1002-lab-03/books/other# wc -l pg1232.txt
5063 pg1232.txt
